// Jest Snapshot v1, https://goo.gl/fbAQLP

exports[`oauth/validateJWT should correctly validate jwt 1`] = `
Object {
  "appScope": Array [
    "read_products",
  ],
  "iat": 1533160800,
  "shop": "example.myshopify.com",
  "userScope": Array [
    "read_products",
  ],
}
`;

exports[`oauth/validateJWT should reject invalid signature 1`] = `
Object {
  "appScope": Array [
    "read_products",
  ],
  "iat": 1533160800,
  "shop": "example.myshopify.com",
  "userScope": Array [
    "read_products",
  ],
}
`;
